#
# There is insufficient memory for the Java Runtime Environment to continue.
# Native memory allocation (mmap) failed to map 264241152 bytes. Error detail: G1 virtual space
# Possible reasons:
#   The system is out of physical RAM or swap space
#   This process is running with CompressedOops enabled, and the Java Heap may be blocking the growth of the native heap
# Possible solutions:
#   Reduce memory load on the system
#   Increase physical memory or swap space
#   Check if swap backing store is full
#   Decrease Java heap size (-Xmx/-Xms)
#   Decrease number of Java threads
#   Decrease Java thread stack sizes (-Xss)
#   Set larger code cache with -XX:ReservedCodeCacheSize=
#   JVM is running with Zero Based Compressed Oops mode in which the Java heap is
#     placed in the first 32GB address space. The Java Heap base address is the
#     maximum limit for the native heap growth. Please use -XX:HeapBaseMinAddress
#     to set the Java Heap base and to place the Java Heap above 32GB virtual address.
# This output file may be truncated or incomplete.
#
#  Out of Memory Error (os_windows.cpp:3925), pid=1368, tid=23660
#
# JRE version:  (21.0.8+1) (build )
# Java VM: OpenJDK 64-Bit Server VM (21.0.8+1-b1038.72, mixed mode, sharing, tiered, compressed oops, compressed class ptrs, g1 gc, windows-amd64)
# No core dump will be written. Minidumps are not enabled by default on client versions of Windows
#

---------------  S U M M A R Y ------------

Command Line: git4idea.http.GitAskPassApp Username for 'https://github.com': 

Host: 12th Gen Intel(R) Core(TM) i7-1255U, 12 cores, 15G,  Windows 11 , 64 bit Build 26100 (10.0.26100.3323)
Time: Thu Nov 13 13:56:35 2025 South Africa Standard Time elapsed time: 0.032297 seconds (0d 0h 0m 0s)

---------------  T H R E A D  ---------------

Current thread (0x000001de4a795540):  JavaThread "Unknown thread" [_thread_in_vm, id=23660, stack(0x000000a5f7700000,0x000000a5f7800000) (1024K)]

Stack: [0x000000a5f7700000,0x000000a5f7800000]
Native frames: (J=compiled Java code, j=interpreted, Vv=VM code, C=native code)
V  [jvm.dll+0x6ebeb9]
V  [jvm.dll+0x8cbec3]
V  [jvm.dll+0x8ce47e]
V  [jvm.dll+0x8ceb63]
V  [jvm.dll+0x28adf6]
V  [jvm.dll+0x6e8695]
V  [jvm.dll+0x6dbeea]
V  [jvm.dll+0x36689b]
V  [jvm.dll+0x36e466]
V  [jvm.dll+0x3c08c6]
V  [jvm.dll+0x3c0b98]
V  [jvm.dll+0x3390cc]
V  [jvm.dll+0x339dbb]
V  [jvm.dll+0x893349]
V  [jvm.dll+0x3cda98]
V  [jvm.dll+0x87c368]
V  [jvm.dll+0x46283e]
V  [jvm.dll+0x464521]
C  [jli.dll+0x52ab]
C  [ucrtbase.dll+0x37b0]
C  [KERNEL32.DLL+0x2e8d7]
C  [ntdll.dll+0xbbf6c]


---------------  P R O C E S S  ---------------

Threads class SMR info:
_java_thread_list=0x00007ff8029532c8, length=0, elements={
}

Java Threads: ( => current thread )
Total: 0

Other Threads:
  0x000001de4a7f42b0 WorkerThread "GC Thread#0"                     [id=27692, stack(0x000000a5f7800000,0x000000a5f7900000) (1024K)]
  0x000001de4a804ce0 ConcurrentGCThread "G1 Main Marker"            [id=11160, stack(0x000000a5f7900000,0x000000a5f7a00000) (1024K)]
  0x000001de4a806660 WorkerThread "G1 Conc#0"                       [id=29880, stack(0x000000a5f7a00000,0x000000a5f7b00000) (1024K)]

[error occurred during error reporting (printing all threads), id 0xc0000005, EXCEPTION_ACCESS_VIOLATION (0xc0000005) at pc=0x00007ff80203c0b7]
VM state: not at safepoint (not fully initialized)

VM Mutex/Monitor currently owned by a thread:  ([mutex/lock_event])
[0x00007ff8029c7d58] Heap_lock - owner thread: 0x000001de4a795540

Heap address: 0x0000000705a00000, size: 4006 MB, Compressed Oops mode: Zero based, Oop shift amount: 3

CDS archive(s) mapped at: [0x0000000000000000-0x0000000000000000-0x0000000000000000), size 0, SharedBaseAddress: 0x0000000800000000, ArchiveRelocationMode: 1.
Narrow klass base: 0x0000000000000000, Narrow klass shift: 0, Narrow klass range: 0x0

GC Precious Log:
 CardTable entry size: 512
 Card Set container configuration: InlinePtr #cards 4 size 8 Array Of Cards #cards 16 size 48 Howl #buckets 8 coarsen threshold 3686 Howl Bitmap #cards 512 size 80 coarsen threshold 460 Card regions per heap region 1 cards per card region 4096

Heap:
 garbage-first heap   total 0K, used 0K [0x0000000705a00000, 0x0000000800000000)
  region size 2048K, 0 young (0K), 0 survivors (0K)
 Metaspace       used 0K, committed 0K, reserved 0K
  class space    used 0K, committed 0K, reserved 0K

Heap Regions: E=young(eden), S=young(survivor), O=old, HS=humongous(starts), HC=humongous(continues), CS=collection set, F=free, TAMS=top-at-mark-start, PB=parsable bottom

Card table byte_map: [0x000001de5e500000,0x000001de5ece0000] _byte_map_base: 0x000001de5acd3000

Marking Bits: (CMBitMap*) 0x000001de4a7f49b0
 Bits: [0x000001de5ece0000, 0x000001de62b78000)

GC Heap History (0 events):
No events

Dll operation events (1 events):
Event: 0.022 Loaded shared library C:\Users\HP\AppData\Local\Programs\PyCharm Professional\jbr\bin\java.dll

Deoptimization events (0 events):
No events

Classes loaded (0 events):
No events

Classes unloaded (0 events):
No events

Classes redefined (0 events):
No events

Internal exceptions (0 events):
No events

ZGC Phase Switch (0 events):
No events

VM Operations (0 events):
No events

Memory protections (0 events):
No events

Nmethod flushes (0 events):
No events

Events (0 events):
No events


Dynamic libraries:
0x00007ff6e1e60000 - 0x00007ff6e1e6a000 	C:\Users\HP\AppData\Local\Programs\PyCharm Professional\jbr\bin\java.exe
0x00007ff89e780000 - 0x00007ff89e9e3000 	C:\WINDOWS\SYSTEM32\ntdll.dll
0x00007ff89d850000 - 0x00007ff89d917000 	C:\WINDOWS\System32\KERNEL32.DLL
0x00007ff89bff0000 - 0x00007ff89c3b9000 	C:\WINDOWS\System32\KERNELBASE.dll
0x00007ff89c450000 - 0x00007ff89c59c000 	C:\WINDOWS\System32\ucrtbase.dll
0x00007ff871870000 - 0x00007ff871888000 	C:\Users\HP\AppData\Local\Programs\PyCharm Professional\jbr\bin\jli.dll
0x00007ff885e90000 - 0x00007ff885eab000 	C:\Users\HP\AppData\Local\Programs\PyCharm Professional\jbr\bin\VCRUNTIME140.dll
0x00007ff89dae0000 - 0x00007ff89dcaa000 	C:\WINDOWS\System32\USER32.dll
0x00007ff89ba20000 - 0x00007ff89ba47000 	C:\WINDOWS\System32\win32u.dll
0x00007ff87a800000 - 0x00007ff87aa90000 	C:\WINDOWS\WinSxS\amd64_microsoft.windows.common-controls_6595b64144ccf1df_6.0.26100.3323_none_3e088096e3344490\COMCTL32.dll
0x00007ff89dcb0000 - 0x00007ff89dcda000 	C:\WINDOWS\System32\GDI32.dll
0x00007ff89d5e0000 - 0x00007ff89d689000 	C:\WINDOWS\System32\msvcrt.dll
0x00007ff89ba50000 - 0x00007ff89bb81000 	C:\WINDOWS\System32\gdi32full.dll
0x00007ff89bdd0000 - 0x00007ff89be73000 	C:\WINDOWS\System32\msvcp_win.dll
0x00007ff89de80000 - 0x00007ff89deaf000 	C:\WINDOWS\System32\IMM32.DLL
0x00007ff891750000 - 0x00007ff89175c000 	C:\Users\HP\AppData\Local\Programs\PyCharm Professional\jbr\bin\vcruntime140_1.dll
0x00007ff866260000 - 0x00007ff8662ed000 	C:\Users\HP\AppData\Local\Programs\PyCharm Professional\jbr\bin\msvcp140.dll
0x00007ff801cf0000 - 0x00007ff802abb000 	C:\Users\HP\AppData\Local\Programs\PyCharm Professional\jbr\bin\server\jvm.dll
0x00007ff89ccf0000 - 0x00007ff89cda2000 	C:\WINDOWS\System32\ADVAPI32.dll
0x00007ff89ceb0000 - 0x00007ff89cf56000 	C:\WINDOWS\System32\sechost.dll
0x00007ff89d730000 - 0x00007ff89d846000 	C:\WINDOWS\System32\RPCRT4.dll
0x00007ff89d1d0000 - 0x00007ff89d244000 	C:\WINDOWS\System32\WS2_32.dll
0x00007ff89b110000 - 0x00007ff89b15e000 	C:\WINDOWS\SYSTEM32\POWRPROF.dll
0x00007ff893c50000 - 0x00007ff893c5b000 	C:\WINDOWS\SYSTEM32\VERSION.dll
0x00007ff8950c0000 - 0x00007ff8950f6000 	C:\WINDOWS\SYSTEM32\WINMM.dll
0x00007ff89b0f0000 - 0x00007ff89b104000 	C:\WINDOWS\SYSTEM32\UMPDC.dll
0x00007ff89a760000 - 0x00007ff89a77a000 	C:\WINDOWS\SYSTEM32\kernel.appcore.dll
0x00007ff8862d0000 - 0x00007ff8862da000 	C:\Users\HP\AppData\Local\Programs\PyCharm Professional\jbr\bin\jimage.dll
0x00007ff8991d0000 - 0x00007ff899411000 	C:\WINDOWS\SYSTEM32\DBGHELP.DLL
0x00007ff89d250000 - 0x00007ff89d5d2000 	C:\WINDOWS\System32\combase.dll
0x00007ff89d980000 - 0x00007ff89da56000 	C:\WINDOWS\System32\OLEAUT32.dll
0x00007ff871600000 - 0x00007ff871639000 	C:\WINDOWS\SYSTEM32\dbgcore.DLL
0x00007ff89b980000 - 0x00007ff89ba19000 	C:\WINDOWS\System32\bcryptPrimitives.dll
0x00007ff884100000 - 0x00007ff884120000 	C:\Users\HP\AppData\Local\Programs\PyCharm Professional\jbr\bin\java.dll

JVMTI agents: none

dbghelp: loaded successfully - version: 4.0.5 - missing functions: none
symbol engine: initialized successfully - sym options: 0x614 - pdb path: .;C:\Users\HP\AppData\Local\Programs\PyCharm Professional\jbr\bin;C:\WINDOWS\SYSTEM32;C:\WINDOWS\WinSxS\amd64_microsoft.windows.common-controls_6595b64144ccf1df_6.0.26100.3323_none_3e088096e3344490;C:\Users\HP\AppData\Local\Programs\PyCharm Professional\jbr\bin\server

VM Arguments:
java_command: git4idea.http.GitAskPassApp Username for 'https://github.com': 
java_class_path (initial): C:/Users/HP/AppData/Local/Programs/PyCharm Professional/plugins/vcs-git/lib/git4idea-rt.jar;C:/Users/HP/AppData/Local/Programs/PyCharm Professional/lib/externalProcess-rt.jar
Launcher Type: SUN_STANDARD

[Global flags]
     intx CICompilerCount                          = 4                                         {product} {ergonomic}
     uint ConcGCThreads                            = 3                                         {product} {ergonomic}
     uint G1ConcRefinementThreads                  = 10                                        {product} {ergonomic}
   size_t G1HeapRegionSize                         = 2097152                                   {product} {ergonomic}
    uintx GCDrainStackTargetSize                   = 64                                        {product} {ergonomic}
   size_t InitialHeapSize                          = 264241152                                 {product} {ergonomic}
   size_t MarkStackSize                            = 4194304                                   {product} {ergonomic}
   size_t MaxHeapSize                              = 4200595456                                {product} {ergonomic}
   size_t MinHeapDeltaBytes                        = 2097152                                   {product} {ergonomic}
   size_t MinHeapSize                              = 8388608                                   {product} {ergonomic}
    uintx NonNMethodCodeHeapSize                   = 5839372                                {pd product} {ergonomic}
    uintx NonProfiledCodeHeapSize                  = 122909434                              {pd product} {ergonomic}
    uintx ProfiledCodeHeapSize                     = 122909434                              {pd product} {ergonomic}
    uintx ReservedCodeCacheSize                    = 251658240                              {pd product} {ergonomic}
     bool SegmentedCodeCache                       = true                                      {product} {ergonomic}
   size_t SoftMaxHeapSize                          = 4200595456                             {manageable} {ergonomic}
     bool UseCompressedOops                        = true                           {product lp64_product} {ergonomic}
     bool UseG1GC                                  = true                                      {product} {ergonomic}
     bool UseLargePagesIndividualAllocation        = false                                  {pd product} {ergonomic}

Logging:
Log output configuration:
 #0: stdout all=warning uptime,level,tags foldmultilines=false
 #1: stderr all=off uptime,level,tags foldmultilines=false

Environment Variables:
JAVA_HOME=C:\Program Files\Java\jdk-17
PATH=C:/Program Files/Git/mingw64/libexec/git-core;C:/Program Files/Git/mingw64/libexec/git-core;C:\Program Files\Git\mingw64\bin;C:\Program Files\Git\usr\bin;C:\Users\HP\bin;C:\Python313\Scripts\;C:\Python313\;C:\Users\HP\AppData\Roaming\npm;C:\Program Files\Common Files\Oracle\Java\javapath;C:\Program Files\Microsoft MPI\Bin\;C:\Program Files (x86)\Sage\Sage300\RUNTIME;C:\WINDOWS\system32;C:\WINDOWS;C:\WINDOWS\System32\Wbem;C:\WINDOWS\System32\WindowsPowerShell\v1.0\;C:\WINDOWS\System32\OpenSSH\;C:\ProgramData\chocolatey\bin;C:\Program Files (x86)\Microsoft SQL Server\150\DTS\Binn\;C:\Program Files\Microsoft SQL Server\150\DTS\Binn\;C:\Program Files\Microsoft SQL Server\Client SDK\ODBC\170\Tools\Binn\;C:\Program Files (x86)\Microsoft SQL Server\150\Tools\Binn\;C:\Program Files\Microsoft SQL Server\150\Tools\Binn\;C:\Program Files (x86)\Microsoft SQL Server\160\DTS\Binn\;C:\Users\HP\AppData\Local\Programs\Python\Python312\Scripts\;C:\Users\HP\AppData\Local\Programs\Python\Python312\;C:\Program Files (x86)\Microsoft Visual Studio 14.0\VC\bin;C:\Users\HP\AppData\Local\Flutter\flutter\bin;C:\Android\Sdk\cmdline-tools\latest\bin;C:\Android\Sdk\emulator;C:\Users\HP\AppData\Local\Pub\Cache\bin;C:\Users\HP\AppData\Roaming\npm;C:\Program Files\PuTTY\;C:\Program Files\PostgreSQL\17\bin;C:\Program Files\Git\cmd;C:\Program Files\dotnet\;C:\Program Files\nodejs\;C:\Program Files\Java\jdk-21\bin;C:\ProgramData\chocolatey\lib\maven\apache-maven-3.9.11\bin;C:\msys64\mingw64\bin;C:\Program Files (x86)\Windows Kits\10\Windows Performance Toolkit\;C:\Program Files\CMake\bin;C:\Users\HP\AppData\Local\Programs\Python\Python312\Scripts\;C:\Users\HP\AppData\Local\Programs\Python\Python312\;C:\Users\HP\AppData\Local\Microsoft\WindowsApps;C:\Users\HP\AppData\Local\JetBrains\Toolbox\scripts;C:\Program Files (x86)\Nmap;C:\Program Files (x86)\Jar2Exe Wizard\;C:\Users\HP\AppData\Local\GitHubDesktop\bin;C:\Users\HP\AppData\Local\Microsoft\WindowsApps;C:\Program Files\MySQL\MySQL Server 8.4\bin;C:\Users\HP\AppData\Local\Programs\Microsoft VS Code\bin;C:\Users\HP\.dotnet\tools;C:\Users\HP\AppData\Roaming\npm;C:\Users\HP\AppData\Local\Programs\cursor\resources\app\bin
USERNAME=HP
DISPLAY=:0.0
LC_ALL=en_US.UTF-8
TERM=xterm-256color
TMPDIR=C:\Users\HP\AppData\Local\Temp
OS=Windows_NT
PROCESSOR_IDENTIFIER=Intel64 Family 6 Model 154 Stepping 4, GenuineIntel
TMP=C:\Users\HP\AppData\Local\Temp
TEMP=C:\Users\HP\AppData\Local\Temp




Periodic native trim disabled

JNI global refs:
JNI global refs: 0, weak refs: 0

JNI global refs memory usage: 0, weak refs: 0

Process memory usage:
Resident Set Size: 12968K (0% of 16400812K total physical memory with 1515380K free physical memory)

OOME stack traces (most recent first):
Classloader memory used:

---------------  S Y S T E M  ---------------

OS:
 Windows 11 , 64 bit Build 26100 (10.0.26100.3323)
OS uptime: 2 days 3:37 hours
Hyper-V role detected

CPU: total 12 (initial active 12) (6 cores per cpu, 2 threads per core) family 6 model 154 stepping 4 microcode 0x437, cx8, cmov, fxsr, ht, mmx, 3dnowpref, sse, sse2, sse3, ssse3, sse4.1, sse4.2, popcnt, lzcnt, tsc, tscinvbit, avx, avx2, aes, erms, clmul, bmi1, bmi2, adx, sha, fma, vzeroupper, clflush, clflushopt, clwb, hv, serialize, rdtscp, rdpid, fsrm, f16c, cet_ibt, cet_ss
Processor Information for processor 0
  Max Mhz: 1700, Current Mhz: 1700, Mhz Limit: 1700
Processor Information for processor 1
  Max Mhz: 1700, Current Mhz: 1700, Mhz Limit: 1700
Processor Information for processor 2
  Max Mhz: 1700, Current Mhz: 1700, Mhz Limit: 1700
Processor Information for processor 3
  Max Mhz: 1700, Current Mhz: 1700, Mhz Limit: 1700
Processor Information for processor 4
  Max Mhz: 1700, Current Mhz: 1700, Mhz Limit: 1700
Processor Information for processor 5
  Max Mhz: 1700, Current Mhz: 1700, Mhz Limit: 1700
Processor Information for processor 6
  Max Mhz: 1700, Current Mhz: 1558, Mhz Limit: 1700
Processor Information for processor 7
  Max Mhz: 1700, Current Mhz: 1700, Mhz Limit: 1700
Processor Information for processor 8
  Max Mhz: 1700, Current Mhz: 1700, Mhz Limit: 1700
Processor Information for processor 9
  Max Mhz: 1700, Current Mhz: 1558, Mhz Limit: 1700
Processor Information for processor 10
  Max Mhz: 1700, Current Mhz: 1700, Mhz Limit: 1700
Processor Information for processor 11
  Max Mhz: 1700, Current Mhz: 1700, Mhz Limit: 1700

Memory: 4k page, system-wide physical 16016M (1479M free)
TotalPageFile size 33431M (AvailPageFile size 183M)
current process WorkingSet (physical memory assigned to process): 12M, peak: 12M
current process commit charge ("private bytes"): 64M, peak: 316M

vm_info: OpenJDK 64-Bit Server VM (21.0.8+1-b1038.72) for windows-amd64 JRE (21.0.8+1-b1038.72), built on 2025-09-08 by "builduser" with MS VC++ 16.10 / 16.11 (VS2019)

END.
